// Jest Snapshot v1, https://goo.gl/fbAQLP

exports[`The Header component’s snapshot renders as expected 1`] = `
<View
  style={
    Object {
      "backgroundColor": "#FFFFFF",
      "borderBottomColor": "#000000",
      "borderBottomWidth": 0.5,
      "height": 100,
      "width": "100%",
    }
  }
/>
`;
