// Jest Snapshot v1, https://goo.gl/fbAQLP

exports[`The Template Item component’s snapshot renders as expected 1`] = `
<View
  style={
    Array [
      Object {
        "backgroundColor": "#333333",
      },
      Object {
        "alignItems": "center",
        "justifyContent": "center",
      },
      Object {
        "borderRadius": 6,
        "height": 100,
        "width": 200,
      },
    ]
  }
>
  <Text
    style={
      Object {
        "color": "white",
        "fontSize": 20,
      }
    }
  >
    Mock item
  </Text>
</View>
`;
