// Jest Snapshot v1, https://goo.gl/fbAQLP

exports[`The Colour Picker component’s snapshot renders as expected 1`] = `
Array [
  <View
    accessible={true}
    clickable={true}
    isTVSelectable={true}
    onClick={[Function]}
    onResponderGrant={[Function]}
    onResponderMove={[Function]}
    onResponderRelease={[Function]}
    onResponderTerminate={[Function]}
    onResponderTerminationRequest={[Function]}
    onStartShouldSetResponder={[Function]}
    style={
      Object {
        "backgroundColor": "#000000",
        "borderColor": "green",
        "borderRadius": 25,
        "borderWidth": 3,
        "height": 50,
        "opacity": 1,
        "width": 50,
      }
    }
  />,
  <View
    accessible={true}
    clickable={true}
    isTVSelectable={true}
    onClick={[Function]}
    onResponderGrant={[Function]}
    onResponderMove={[Function]}
    onResponderRelease={[Function]}
    onResponderTerminate={[Function]}
    onResponderTerminationRequest={[Function]}
    onStartShouldSetResponder={[Function]}
    style={
      Object {
        "backgroundColor": "#333333",
        "borderRadius": 25,
        "height": 50,
        "opacity": 1,
        "width": 50,
      }
    }
  />,
]
`;
