// Jest Snapshot v1, https://goo.gl/fbAQLP

exports[`The Text Picker component’s snapshot renders as expected 1`] = `
<View
  style={
    Object {
      "height": "100%",
      "justifyContent": "center",
      "paddingHorizontal": 15,
      "width": "100%",
    }
  }
>
  <TextInput
    allowFontScaling={true}
    autoFocus={false}
    onChangeText={[Function]}
    rejectResponderTermination={true}
    returnKeyType="done"
    style={
      Array [
        Object {
          "borderColor": "gray",
          "borderWidth": 1,
          "fontSize": 14,
          "height": 40,
          "padding": 5,
        },
        Object {
          "width": "100%",
        },
      ]
    }
    textContentType="none"
    underlineColorAndroid="transparent"
    value="Test"
  />
</View>
`;
